2025-01-09 11:08:57 [main] INFO  o.v.p.CategoryServiceTest - Starting CategoryServiceTest using Java 17.0.2 with PID 26400 (started by PC in D:\java\Springboot\HyggeEcommerce\ProductManagementService) MDC:[traceId=, spanId=]
2025-01-09 11:08:57 [main] INFO  o.v.p.CategoryServiceTest - No active profile set, falling back to 1 default profile: "default" MDC:[traceId=, spanId=]
2025-01-09 11:08:57 [main] INFO  o.s.c.c.c.ConfigServerConfigDataLoader - Fetching config from server at : http://localhost:8888/ MDC:[traceId=, spanId=]
2025-01-09 11:08:57 [main] INFO  o.s.c.c.c.ConfigServerConfigDataLoader - Located environment: name=product-manage-service, profiles=[default], label=null, version=null, state=null MDC:[traceId=, spanId=]
2025-01-09 11:08:58 [main] INFO  o.s.d.r.c.RepositoryConfigurationDelegate - Multiple Spring Data modules found, entering strict repository configuration mode MDC:[traceId=, spanId=]
2025-01-09 11:08:58 [main] INFO  o.s.d.r.c.RepositoryConfigurationDelegate - Bootstrapping Spring Data JPA repositories in DEFAULT mode. MDC:[traceId=, spanId=]
2025-01-09 11:08:59 [main] INFO  o.s.d.r.c.RepositoryConfigurationDelegate - Finished Spring Data repository scanning in 223 ms. Found 1 JPA repository interface. MDC:[traceId=, spanId=]
2025-01-09 11:08:59 [main] INFO  o.s.d.r.c.RepositoryConfigurationDelegate - Multiple Spring Data modules found, entering strict repository configuration mode MDC:[traceId=, spanId=]
2025-01-09 11:08:59 [main] INFO  o.s.d.r.c.RepositoryConfigurationDelegate - Bootstrapping Spring Data Redis repositories in DEFAULT mode. MDC:[traceId=, spanId=]
2025-01-09 11:08:59 [main] INFO  o.s.d.r.c.RepositoryConfigurationExtensionSupport - Spring Data Redis - Could not safely identify store assignment for repository candidate interface org.vdt.productmanagementservice.repositories.CategoryRepository; If you want this repository to be a Redis repository, consider annotating your entities with one of these annotations: org.springframework.data.redis.core.RedisHash (preferred), or consider extending one of the following types with your repository: org.springframework.data.keyvalue.repository.KeyValueRepository MDC:[traceId=, spanId=]
2025-01-09 11:08:59 [main] INFO  o.s.d.r.c.RepositoryConfigurationDelegate - Finished Spring Data repository scanning in 13 ms. Found 0 Redis repository interfaces. MDC:[traceId=, spanId=]
2025-01-09 11:08:59 [main] INFO  o.s.cloud.context.scope.GenericScope - BeanFactory id=c7073803-d650-392c-9819-36ee711f9819 MDC:[traceId=, spanId=]
2025-01-09 11:09:00 [main] INFO  o.s.o.j.p.SpringPersistenceUnitInfo - No LoadTimeWeaver setup: ignoring JPA class transformer MDC:[traceId=, spanId=]
2025-01-09 11:09:00 [main] INFO  com.zaxxer.hikari.HikariDataSource - HikariPool-1 - Starting... MDC:[traceId=, spanId=]
2025-01-09 11:09:01 [main] INFO  com.zaxxer.hikari.pool.HikariPool - HikariPool-1 - Added connection com.mysql.cj.jdbc.ConnectionImpl@c7d173f MDC:[traceId=, spanId=]
2025-01-09 11:09:01 [main] INFO  com.zaxxer.hikari.HikariDataSource - HikariPool-1 - Start completed. MDC:[traceId=, spanId=]
2025-01-09 11:09:03 [main] INFO  o.s.o.j.LocalContainerEntityManagerFactoryBean - Initialized JPA EntityManagerFactory for persistence unit 'default' MDC:[traceId=, spanId=]
2025-01-09 11:09:03 [main] WARN  o.s.b.a.o.j.JpaBaseConfiguration$JpaWebConfiguration - spring.jpa.open-in-view is enabled by default. Therefore, database queries may be performed during view rendering. Explicitly configure spring.jpa.open-in-view to disable this warning MDC:[traceId=, spanId=]
2025-01-09 11:09:05 [main] INFO  o.v.p.CategoryServiceTest - Started CategoryServiceTest in 8.967 seconds (process running for 10.767) MDC:[traceId=, spanId=]
2025-01-09 11:09:05 [SpringApplicationShutdownHook] INFO  o.s.o.j.LocalContainerEntityManagerFactoryBean - Closing JPA EntityManagerFactory for persistence unit 'default' MDC:[traceId=, spanId=]
2025-01-09 11:09:05 [SpringApplicationShutdownHook] INFO  com.zaxxer.hikari.HikariDataSource - HikariPool-1 - Shutdown initiated... MDC:[traceId=, spanId=]
2025-01-09 11:09:05 [SpringApplicationShutdownHook] INFO  com.zaxxer.hikari.HikariDataSource - HikariPool-1 - Shutdown completed. MDC:[traceId=, spanId=]
2025-01-09 14:55:47 [main] INFO  o.v.p.CategoryServiceTest - Starting CategoryServiceTest using Java 17.0.2 with PID 11664 (started by PC in D:\java\Springboot\HyggeEcommerce\ProductManagementService) MDC:[traceId=, spanId=]
2025-01-09 14:55:47 [main] INFO  o.v.p.CategoryServiceTest - No active profile set, falling back to 1 default profile: "default" MDC:[traceId=, spanId=]
2025-01-09 14:55:47 [main] INFO  o.s.c.c.c.ConfigServerConfigDataLoader - Fetching config from server at : http://localhost:8888/ MDC:[traceId=, spanId=]
2025-01-09 14:55:47 [main] INFO  o.s.c.c.c.ConfigServerConfigDataLoader - Located environment: name=product-manage-service, profiles=[default], label=null, version=null, state=null MDC:[traceId=, spanId=]
2025-01-09 14:55:48 [main] INFO  o.s.d.r.c.RepositoryConfigurationDelegate - Multiple Spring Data modules found, entering strict repository configuration mode MDC:[traceId=, spanId=]
2025-01-09 14:55:48 [main] INFO  o.s.d.r.c.RepositoryConfigurationDelegate - Bootstrapping Spring Data JPA repositories in DEFAULT mode. MDC:[traceId=, spanId=]
2025-01-09 14:55:49 [main] INFO  o.s.d.r.c.RepositoryConfigurationDelegate - Finished Spring Data repository scanning in 174 ms. Found 1 JPA repository interface. MDC:[traceId=, spanId=]
2025-01-09 14:55:49 [main] INFO  o.s.d.r.c.RepositoryConfigurationDelegate - Multiple Spring Data modules found, entering strict repository configuration mode MDC:[traceId=, spanId=]
2025-01-09 14:55:49 [main] INFO  o.s.d.r.c.RepositoryConfigurationDelegate - Bootstrapping Spring Data Redis repositories in DEFAULT mode. MDC:[traceId=, spanId=]
2025-01-09 14:55:49 [main] INFO  o.s.d.r.c.RepositoryConfigurationExtensionSupport - Spring Data Redis - Could not safely identify store assignment for repository candidate interface org.vdt.productmanagementservice.repositories.CategoryRepository; If you want this repository to be a Redis repository, consider annotating your entities with one of these annotations: org.springframework.data.redis.core.RedisHash (preferred), or consider extending one of the following types with your repository: org.springframework.data.keyvalue.repository.KeyValueRepository MDC:[traceId=, spanId=]
2025-01-09 14:55:49 [main] INFO  o.s.d.r.c.RepositoryConfigurationDelegate - Finished Spring Data repository scanning in 13 ms. Found 0 Redis repository interfaces. MDC:[traceId=, spanId=]
2025-01-09 14:55:49 [main] INFO  o.s.cloud.context.scope.GenericScope - BeanFactory id=c7073803-d650-392c-9819-36ee711f9819 MDC:[traceId=, spanId=]
2025-01-09 14:55:50 [main] INFO  o.s.o.j.p.SpringPersistenceUnitInfo - No LoadTimeWeaver setup: ignoring JPA class transformer MDC:[traceId=, spanId=]
2025-01-09 14:55:50 [main] INFO  com.zaxxer.hikari.HikariDataSource - HikariPool-1 - Starting... MDC:[traceId=, spanId=]
2025-01-09 14:55:51 [main] INFO  com.zaxxer.hikari.pool.HikariPool - HikariPool-1 - Added connection com.mysql.cj.jdbc.ConnectionImpl@12f12744 MDC:[traceId=, spanId=]
2025-01-09 14:55:51 [main] INFO  com.zaxxer.hikari.HikariDataSource - HikariPool-1 - Start completed. MDC:[traceId=, spanId=]
2025-01-09 14:55:52 [main] INFO  o.s.o.j.LocalContainerEntityManagerFactoryBean - Initialized JPA EntityManagerFactory for persistence unit 'default' MDC:[traceId=, spanId=]
2025-01-09 14:55:52 [main] WARN  o.s.b.a.o.j.JpaBaseConfiguration$JpaWebConfiguration - spring.jpa.open-in-view is enabled by default. Therefore, database queries may be performed during view rendering. Explicitly configure spring.jpa.open-in-view to disable this warning MDC:[traceId=, spanId=]
2025-01-09 14:55:54 [main] INFO  o.v.p.CategoryServiceTest - Started CategoryServiceTest in 7.963 seconds (process running for 9.921) MDC:[traceId=, spanId=]
2025-01-09 14:55:54 [SpringApplicationShutdownHook] INFO  o.s.o.j.LocalContainerEntityManagerFactoryBean - Closing JPA EntityManagerFactory for persistence unit 'default' MDC:[traceId=, spanId=]
2025-01-09 14:55:54 [SpringApplicationShutdownHook] INFO  com.zaxxer.hikari.HikariDataSource - HikariPool-1 - Shutdown initiated... MDC:[traceId=, spanId=]
2025-01-09 14:55:54 [SpringApplicationShutdownHook] INFO  com.zaxxer.hikari.HikariDataSource - HikariPool-1 - Shutdown completed. MDC:[traceId=, spanId=]
2025-01-09 14:56:19 [main] INFO  o.v.p.CategoryServiceTest - Starting CategoryServiceTest using Java 17.0.2 with PID 7968 (started by PC in D:\java\Springboot\HyggeEcommerce\ProductManagementService) MDC:[traceId=, spanId=]
2025-01-09 14:56:19 [main] INFO  o.v.p.CategoryServiceTest - No active profile set, falling back to 1 default profile: "default" MDC:[traceId=, spanId=]
2025-01-09 14:56:19 [main] INFO  o.s.c.c.c.ConfigServerConfigDataLoader - Fetching config from server at : http://localhost:8888/ MDC:[traceId=, spanId=]
2025-01-09 14:56:19 [main] INFO  o.s.c.c.c.ConfigServerConfigDataLoader - Located environment: name=product-manage-service, profiles=[default], label=null, version=null, state=null MDC:[traceId=, spanId=]
2025-01-09 14:56:20 [main] INFO  o.s.d.r.c.RepositoryConfigurationDelegate - Multiple Spring Data modules found, entering strict repository configuration mode MDC:[traceId=, spanId=]
2025-01-09 14:56:20 [main] INFO  o.s.d.r.c.RepositoryConfigurationDelegate - Bootstrapping Spring Data JPA repositories in DEFAULT mode. MDC:[traceId=, spanId=]
2025-01-09 14:56:20 [main] INFO  o.s.d.r.c.RepositoryConfigurationDelegate - Finished Spring Data repository scanning in 188 ms. Found 1 JPA repository interface. MDC:[traceId=, spanId=]
2025-01-09 14:56:20 [main] INFO  o.s.d.r.c.RepositoryConfigurationDelegate - Multiple Spring Data modules found, entering strict repository configuration mode MDC:[traceId=, spanId=]
2025-01-09 14:56:20 [main] INFO  o.s.d.r.c.RepositoryConfigurationDelegate - Bootstrapping Spring Data Redis repositories in DEFAULT mode. MDC:[traceId=, spanId=]
2025-01-09 14:56:20 [main] INFO  o.s.d.r.c.RepositoryConfigurationExtensionSupport - Spring Data Redis - Could not safely identify store assignment for repository candidate interface org.vdt.productmanagementservice.repositories.CategoryRepository; If you want this repository to be a Redis repository, consider annotating your entities with one of these annotations: org.springframework.data.redis.core.RedisHash (preferred), or consider extending one of the following types with your repository: org.springframework.data.keyvalue.repository.KeyValueRepository MDC:[traceId=, spanId=]
2025-01-09 14:56:20 [main] INFO  o.s.d.r.c.RepositoryConfigurationDelegate - Finished Spring Data repository scanning in 11 ms. Found 0 Redis repository interfaces. MDC:[traceId=, spanId=]
2025-01-09 14:56:20 [main] INFO  o.s.cloud.context.scope.GenericScope - BeanFactory id=c7073803-d650-392c-9819-36ee711f9819 MDC:[traceId=, spanId=]
2025-01-09 14:56:22 [main] INFO  o.s.o.j.p.SpringPersistenceUnitInfo - No LoadTimeWeaver setup: ignoring JPA class transformer MDC:[traceId=, spanId=]
2025-01-09 14:56:22 [main] INFO  com.zaxxer.hikari.HikariDataSource - HikariPool-1 - Starting... MDC:[traceId=, spanId=]
2025-01-09 14:56:22 [main] INFO  com.zaxxer.hikari.pool.HikariPool - HikariPool-1 - Added connection com.mysql.cj.jdbc.ConnectionImpl@75d61b62 MDC:[traceId=, spanId=]
2025-01-09 14:56:22 [main] INFO  com.zaxxer.hikari.HikariDataSource - HikariPool-1 - Start completed. MDC:[traceId=, spanId=]
2025-01-09 14:56:24 [main] INFO  o.s.o.j.LocalContainerEntityManagerFactoryBean - Initialized JPA EntityManagerFactory for persistence unit 'default' MDC:[traceId=, spanId=]
2025-01-09 14:56:24 [main] WARN  o.s.b.a.o.j.JpaBaseConfiguration$JpaWebConfiguration - spring.jpa.open-in-view is enabled by default. Therefore, database queries may be performed during view rendering. Explicitly configure spring.jpa.open-in-view to disable this warning MDC:[traceId=, spanId=]
2025-01-09 14:56:26 [main] INFO  o.v.p.CategoryServiceTest - Started CategoryServiceTest in 8.922 seconds (process running for 10.819) MDC:[traceId=, spanId=]
2025-01-09 14:57:13 [HikariPool-1 housekeeper] WARN  com.zaxxer.hikari.pool.HikariPool - HikariPool-1 - Thread starvation or clock leap detected (housekeeper delta=51s71ms877µs899ns). MDC:[traceId=, spanId=]
2025-01-09 14:57:13 [SpringApplicationShutdownHook] INFO  o.s.o.j.LocalContainerEntityManagerFactoryBean - Closing JPA EntityManagerFactory for persistence unit 'default' MDC:[traceId=, spanId=]
2025-01-09 14:57:13 [SpringApplicationShutdownHook] INFO  com.zaxxer.hikari.HikariDataSource - HikariPool-1 - Shutdown initiated... MDC:[traceId=, spanId=]
2025-01-09 14:57:13 [SpringApplicationShutdownHook] INFO  com.zaxxer.hikari.HikariDataSource - HikariPool-1 - Shutdown completed. MDC:[traceId=, spanId=]
2025-01-09 14:57:20 [main] INFO  o.v.p.CategoryServiceTest - Starting CategoryServiceTest using Java 17.0.2 with PID 27928 (started by PC in D:\java\Springboot\HyggeEcommerce\ProductManagementService) MDC:[traceId=, spanId=]
2025-01-09 14:57:20 [main] INFO  o.v.p.CategoryServiceTest - No active profile set, falling back to 1 default profile: "default" MDC:[traceId=, spanId=]
2025-01-09 14:57:20 [main] INFO  o.s.c.c.c.ConfigServerConfigDataLoader - Fetching config from server at : http://localhost:8888/ MDC:[traceId=, spanId=]
2025-01-09 14:57:20 [main] INFO  o.s.c.c.c.ConfigServerConfigDataLoader - Located environment: name=product-manage-service, profiles=[default], label=null, version=null, state=null MDC:[traceId=, spanId=]
2025-01-09 14:57:22 [main] INFO  o.s.d.r.c.RepositoryConfigurationDelegate - Multiple Spring Data modules found, entering strict repository configuration mode MDC:[traceId=, spanId=]
2025-01-09 14:57:22 [main] INFO  o.s.d.r.c.RepositoryConfigurationDelegate - Bootstrapping Spring Data JPA repositories in DEFAULT mode. MDC:[traceId=, spanId=]
2025-01-09 14:57:23 [main] INFO  o.s.d.r.c.RepositoryConfigurationDelegate - Finished Spring Data repository scanning in 347 ms. Found 1 JPA repository interface. MDC:[traceId=, spanId=]
2025-01-09 14:57:23 [main] INFO  o.s.d.r.c.RepositoryConfigurationDelegate - Multiple Spring Data modules found, entering strict repository configuration mode MDC:[traceId=, spanId=]
2025-01-09 14:57:23 [main] INFO  o.s.d.r.c.RepositoryConfigurationDelegate - Bootstrapping Spring Data Redis repositories in DEFAULT mode. MDC:[traceId=, spanId=]
2025-01-09 14:57:23 [main] INFO  o.s.d.r.c.RepositoryConfigurationExtensionSupport - Spring Data Redis - Could not safely identify store assignment for repository candidate interface org.vdt.productmanagementservice.repositories.CategoryRepository; If you want this repository to be a Redis repository, consider annotating your entities with one of these annotations: org.springframework.data.redis.core.RedisHash (preferred), or consider extending one of the following types with your repository: org.springframework.data.keyvalue.repository.KeyValueRepository MDC:[traceId=, spanId=]
2025-01-09 14:57:23 [main] INFO  o.s.d.r.c.RepositoryConfigurationDelegate - Finished Spring Data repository scanning in 22 ms. Found 0 Redis repository interfaces. MDC:[traceId=, spanId=]
2025-01-09 14:57:23 [main] INFO  o.s.cloud.context.scope.GenericScope - BeanFactory id=c7073803-d650-392c-9819-36ee711f9819 MDC:[traceId=, spanId=]
2025-01-09 14:57:26 [main] INFO  o.s.o.j.p.SpringPersistenceUnitInfo - No LoadTimeWeaver setup: ignoring JPA class transformer MDC:[traceId=, spanId=]
2025-01-09 14:57:26 [main] INFO  com.zaxxer.hikari.HikariDataSource - HikariPool-1 - Starting... MDC:[traceId=, spanId=]
2025-01-09 14:57:27 [main] INFO  com.zaxxer.hikari.pool.HikariPool - HikariPool-1 - Added connection com.mysql.cj.jdbc.ConnectionImpl@6d5fea64 MDC:[traceId=, spanId=]
2025-01-09 14:57:27 [main] INFO  com.zaxxer.hikari.HikariDataSource - HikariPool-1 - Start completed. MDC:[traceId=, spanId=]
2025-01-09 14:57:29 [main] INFO  o.s.o.j.LocalContainerEntityManagerFactoryBean - Initialized JPA EntityManagerFactory for persistence unit 'default' MDC:[traceId=, spanId=]
2025-01-09 14:57:30 [main] WARN  o.s.b.a.o.j.JpaBaseConfiguration$JpaWebConfiguration - spring.jpa.open-in-view is enabled by default. Therefore, database queries may be performed during view rendering. Explicitly configure spring.jpa.open-in-view to disable this warning MDC:[traceId=, spanId=]
2025-01-09 14:57:31 [main] INFO  o.v.p.CategoryServiceTest - Started CategoryServiceTest in 13.101 seconds (process running for 14.923) MDC:[traceId=, spanId=]
2025-01-09 15:00:47 [main] INFO  o.v.p.CategoryRepositoryTest - Starting CategoryRepositoryTest using Java 17.0.2 with PID 5736 (started by PC in D:\java\Springboot\HyggeEcommerce\ProductManagementService) MDC:[traceId=, spanId=]
2025-01-09 15:00:47 [main] INFO  o.v.p.CategoryRepositoryTest - No active profile set, falling back to 1 default profile: "default" MDC:[traceId=, spanId=]
2025-01-09 15:00:47 [main] INFO  o.s.c.c.c.ConfigServerConfigDataLoader - Fetching config from server at : http://localhost:8888/ MDC:[traceId=, spanId=]
2025-01-09 15:00:47 [main] INFO  o.s.c.c.c.ConfigServerConfigDataLoader - Located environment: name=product-manage-service, profiles=[default], label=null, version=null, state=null MDC:[traceId=, spanId=]
2025-01-09 15:00:49 [main] INFO  o.s.d.r.c.RepositoryConfigurationDelegate - Multiple Spring Data modules found, entering strict repository configuration mode MDC:[traceId=, spanId=]
2025-01-09 15:00:49 [main] INFO  o.s.d.r.c.RepositoryConfigurationDelegate - Bootstrapping Spring Data JPA repositories in DEFAULT mode. MDC:[traceId=, spanId=]
2025-01-09 15:00:49 [main] INFO  o.s.d.r.c.RepositoryConfigurationDelegate - Finished Spring Data repository scanning in 326 ms. Found 1 JPA repository interface. MDC:[traceId=, spanId=]
2025-01-09 15:00:49 [main] INFO  o.s.d.r.c.RepositoryConfigurationDelegate - Multiple Spring Data modules found, entering strict repository configuration mode MDC:[traceId=, spanId=]
2025-01-09 15:00:49 [main] INFO  o.s.d.r.c.RepositoryConfigurationDelegate - Bootstrapping Spring Data Redis repositories in DEFAULT mode. MDC:[traceId=, spanId=]
2025-01-09 15:00:49 [main] INFO  o.s.d.r.c.RepositoryConfigurationExtensionSupport - Spring Data Redis - Could not safely identify store assignment for repository candidate interface org.vdt.productmanagementservice.repositories.CategoryRepository; If you want this repository to be a Redis repository, consider annotating your entities with one of these annotations: org.springframework.data.redis.core.RedisHash (preferred), or consider extending one of the following types with your repository: org.springframework.data.keyvalue.repository.KeyValueRepository MDC:[traceId=, spanId=]
2025-01-09 15:00:49 [main] INFO  o.s.d.r.c.RepositoryConfigurationDelegate - Finished Spring Data repository scanning in 15 ms. Found 0 Redis repository interfaces. MDC:[traceId=, spanId=]
2025-01-09 15:00:49 [main] INFO  o.s.cloud.context.scope.GenericScope - BeanFactory id=c7073803-d650-392c-9819-36ee711f9819 MDC:[traceId=, spanId=]
2025-01-09 15:00:51 [main] INFO  o.s.o.j.p.SpringPersistenceUnitInfo - No LoadTimeWeaver setup: ignoring JPA class transformer MDC:[traceId=, spanId=]
2025-01-09 15:00:51 [main] INFO  com.zaxxer.hikari.HikariDataSource - HikariPool-1 - Starting... MDC:[traceId=, spanId=]
2025-01-09 15:00:52 [main] INFO  com.zaxxer.hikari.pool.HikariPool - HikariPool-1 - Added connection com.mysql.cj.jdbc.ConnectionImpl@78e34499 MDC:[traceId=, spanId=]
2025-01-09 15:00:52 [main] INFO  com.zaxxer.hikari.HikariDataSource - HikariPool-1 - Start completed. MDC:[traceId=, spanId=]
2025-01-09 15:00:54 [main] INFO  o.s.o.j.LocalContainerEntityManagerFactoryBean - Initialized JPA EntityManagerFactory for persistence unit 'default' MDC:[traceId=, spanId=]
2025-01-09 15:00:55 [main] WARN  o.s.b.a.o.j.JpaBaseConfiguration$JpaWebConfiguration - spring.jpa.open-in-view is enabled by default. Therefore, database queries may be performed during view rendering. Explicitly configure spring.jpa.open-in-view to disable this warning MDC:[traceId=, spanId=]
2025-01-09 15:00:57 [main] INFO  o.v.p.CategoryRepositoryTest - Started CategoryRepositoryTest in 11.276 seconds (process running for 12.997) MDC:[traceId=, spanId=]
2025-01-09 15:00:57 [SpringApplicationShutdownHook] INFO  o.s.o.j.LocalContainerEntityManagerFactoryBean - Closing JPA EntityManagerFactory for persistence unit 'default' MDC:[traceId=, spanId=]
2025-01-09 15:00:57 [SpringApplicationShutdownHook] INFO  com.zaxxer.hikari.HikariDataSource - HikariPool-1 - Shutdown initiated... MDC:[traceId=, spanId=]
2025-01-09 15:00:57 [SpringApplicationShutdownHook] INFO  com.zaxxer.hikari.HikariDataSource - HikariPool-1 - Shutdown completed. MDC:[traceId=, spanId=]
2025-01-09 15:02:55 [main] INFO  o.v.p.CategoryRepositoryTest - Starting CategoryRepositoryTest using Java 17.0.2 with PID 24780 (started by PC in D:\java\Springboot\HyggeEcommerce\ProductManagementService) MDC:[traceId=, spanId=]
2025-01-09 15:02:55 [main] INFO  o.v.p.CategoryRepositoryTest - No active profile set, falling back to 1 default profile: "default" MDC:[traceId=, spanId=]
2025-01-09 15:02:55 [main] INFO  o.s.c.c.c.ConfigServerConfigDataLoader - Fetching config from server at : http://localhost:8888/ MDC:[traceId=, spanId=]
2025-01-09 15:02:55 [main] INFO  o.s.c.c.c.ConfigServerConfigDataLoader - Located environment: name=product-manage-service, profiles=[default], label=null, version=null, state=null MDC:[traceId=, spanId=]
2025-01-09 15:02:56 [main] INFO  o.s.d.r.c.RepositoryConfigurationDelegate - Multiple Spring Data modules found, entering strict repository configuration mode MDC:[traceId=, spanId=]
2025-01-09 15:02:56 [main] INFO  o.s.d.r.c.RepositoryConfigurationDelegate - Bootstrapping Spring Data JPA repositories in DEFAULT mode. MDC:[traceId=, spanId=]
2025-01-09 15:02:56 [main] INFO  o.s.d.r.c.RepositoryConfigurationDelegate - Finished Spring Data repository scanning in 250 ms. Found 1 JPA repository interface. MDC:[traceId=, spanId=]
2025-01-09 15:02:56 [main] INFO  o.s.d.r.c.RepositoryConfigurationDelegate - Multiple Spring Data modules found, entering strict repository configuration mode MDC:[traceId=, spanId=]
2025-01-09 15:02:56 [main] INFO  o.s.d.r.c.RepositoryConfigurationDelegate - Bootstrapping Spring Data Redis repositories in DEFAULT mode. MDC:[traceId=, spanId=]
2025-01-09 15:02:56 [main] INFO  o.s.d.r.c.RepositoryConfigurationExtensionSupport - Spring Data Redis - Could not safely identify store assignment for repository candidate interface org.vdt.productmanagementservice.repositories.CategoryRepository; If you want this repository to be a Redis repository, consider annotating your entities with one of these annotations: org.springframework.data.redis.core.RedisHash (preferred), or consider extending one of the following types with your repository: org.springframework.data.keyvalue.repository.KeyValueRepository MDC:[traceId=, spanId=]
2025-01-09 15:02:56 [main] INFO  o.s.d.r.c.RepositoryConfigurationDelegate - Finished Spring Data repository scanning in 13 ms. Found 0 Redis repository interfaces. MDC:[traceId=, spanId=]
2025-01-09 15:02:57 [main] INFO  o.s.cloud.context.scope.GenericScope - BeanFactory id=c7073803-d650-392c-9819-36ee711f9819 MDC:[traceId=, spanId=]
2025-01-09 15:02:58 [main] INFO  o.s.o.j.p.SpringPersistenceUnitInfo - No LoadTimeWeaver setup: ignoring JPA class transformer MDC:[traceId=, spanId=]
2025-01-09 15:02:58 [main] INFO  com.zaxxer.hikari.HikariDataSource - HikariPool-1 - Starting... MDC:[traceId=, spanId=]
2025-01-09 15:02:58 [main] INFO  com.zaxxer.hikari.pool.HikariPool - HikariPool-1 - Added connection com.mysql.cj.jdbc.ConnectionImpl@30d944d8 MDC:[traceId=, spanId=]
2025-01-09 15:02:58 [main] INFO  com.zaxxer.hikari.HikariDataSource - HikariPool-1 - Start completed. MDC:[traceId=, spanId=]
2025-01-09 15:03:00 [main] INFO  o.s.o.j.LocalContainerEntityManagerFactoryBean - Initialized JPA EntityManagerFactory for persistence unit 'default' MDC:[traceId=, spanId=]
2025-01-09 15:03:01 [main] WARN  o.s.b.a.o.j.JpaBaseConfiguration$JpaWebConfiguration - spring.jpa.open-in-view is enabled by default. Therefore, database queries may be performed during view rendering. Explicitly configure spring.jpa.open-in-view to disable this warning MDC:[traceId=, spanId=]
2025-01-09 15:03:02 [main] INFO  o.v.p.CategoryRepositoryTest - Started CategoryRepositoryTest in 8.807 seconds (process running for 10.574) MDC:[traceId=, spanId=]
2025-01-09 15:03:02 [SpringApplicationShutdownHook] INFO  o.s.o.j.LocalContainerEntityManagerFactoryBean - Closing JPA EntityManagerFactory for persistence unit 'default' MDC:[traceId=, spanId=]
2025-01-09 15:03:02 [SpringApplicationShutdownHook] INFO  com.zaxxer.hikari.HikariDataSource - HikariPool-1 - Shutdown initiated... MDC:[traceId=, spanId=]
2025-01-09 15:03:02 [SpringApplicationShutdownHook] INFO  com.zaxxer.hikari.HikariDataSource - HikariPool-1 - Shutdown completed. MDC:[traceId=, spanId=]
2025-01-09 15:23:16 [HikariPool-1 housekeeper] WARN  com.zaxxer.hikari.pool.HikariPool - HikariPool-1 - Thread starvation or clock leap detected (housekeeper delta=25m49s308ms968µs). MDC:[traceId=, spanId=]
2025-01-09 15:23:16 [SpringApplicationShutdownHook] INFO  o.s.o.j.LocalContainerEntityManagerFactoryBean - Closing JPA EntityManagerFactory for persistence unit 'default' MDC:[traceId=, spanId=]
2025-01-09 15:23:16 [SpringApplicationShutdownHook] INFO  com.zaxxer.hikari.HikariDataSource - HikariPool-1 - Shutdown initiated... MDC:[traceId=, spanId=]
2025-01-09 15:23:16 [SpringApplicationShutdownHook] INFO  com.zaxxer.hikari.HikariDataSource - HikariPool-1 - Shutdown completed. MDC:[traceId=, spanId=]
